hello from openagent